0 verbose cli /data/data/com.termux/files/usr/bin/node /data/data/com.termux/files/usr/bin/npm
1 info using npm@11.6.0
2 info using node@v24.9.0
3 silly config load:file:/data/data/com.termux/files/usr/lib/node_modules/npm/npmrc
4 silly config load:file:/data/data/com.termux/files/home/crashbot/.npmrc
5 silly config load:file:/data/data/com.termux/files/home/.npmrc
6 silly config load:file:/data/data/com.termux/files/usr/etc/npmrc
7 verbose title npm install
8 verbose argv "install"
9 verbose logfile logs-max:10 dir:/data/data/com.termux/files/home/.npm/_logs/2025-10-16T01_16_13_701Z-
10 verbose logfile /data/data/com.termux/files/home/.npm/_logs/2025-10-16T01_16_13_701Z-debug-0.log
11 silly logfile start cleaning logs, removing 1 files
12 silly packumentCache heap:1174405120 maxSize:293601280 maxEntrySize:146800640
13 silly logfile done cleaning log files
14 silly idealTree buildDeps
15 silly reify moves {}
16 silly audit bulk request {
16 silly audit   'abort-controller': [ '3.0.0' ],
16 silly audit   'buffer-alloc': [ '1.2.0' ],
16 silly audit   'buffer-alloc-unsafe': [ '1.1.0' ],
16 silly audit   'buffer-fill': [ '1.0.0' ],
16 silly audit   debug: [ '4.4.3' ],
16 silly audit   'event-target-shim': [ '5.0.1' ],
16 silly audit   'graceful-fs': [ '4.2.11' ],
16 silly audit   'is-promise': [ '2.2.2' ],
16 silly audit   lodash: [ '4.17.21' ],
16 silly audit   lowdb: [ '1.0.0' ],
16 silly audit   mri: [ '1.2.0' ],
16 silly audit   ms: [ '2.1.3' ],
16 silly audit   'node-fetch': [ '2.7.0' ],
16 silly audit   'p-timeout': [ '4.1.0' ],
16 silly audit   pify: [ '3.0.0' ],
16 silly audit   'safe-compare': [ '1.1.4' ],
16 silly audit   'sandwich-stream': [ '2.0.2' ],
16 silly audit   steno: [ '0.4.4' ],
16 silly audit   telegraf: [ '4.12.2' ],
16 silly audit   tr46: [ '0.0.3' ],
16 silly audit   typegram: [ '4.3.0' ],
16 silly audit   'webidl-conversions': [ '3.0.1' ],
16 silly audit   'whatwg-url': [ '5.0.0' ]
16 silly audit }
17 http fetch POST 200 https://registry.npmjs.org/-/npm/v1/security/advisories/bulk 730ms
18 silly audit report {}
19 verbose cwd /data/data/com.termux/files/home/crashbot
20 verbose os Linux 4.14.186-g398737f70064-dirty
21 verbose node v24.9.0
22 verbose npm  v11.6.0
23 verbose exit 0
24 info ok
