0 verbose cli /data/data/com.termux/files/usr/bin/node /data/data/com.termux/files/usr/bin/npm
1 info using npm@11.6.0
2 info using node@v24.9.0
3 silly config load:file:/data/data/com.termux/files/usr/lib/node_modules/npm/npmrc
4 silly config load:file:/data/data/com.termux/files/home/crashbot/.npmrc
5 silly config load:file:/data/data/com.termux/files/home/.npmrc
6 silly config load:file:/data/data/com.termux/files/usr/etc/npmrc
7 verbose title npm install telegraf@4.12.2
8 verbose argv "install" "telegraf@4.12.2"
9 verbose logfile logs-max:10 dir:/data/data/com.termux/files/home/.npm/_logs/2025-10-16T00_55_52_465Z-
10 verbose logfile /data/data/com.termux/files/home/.npm/_logs/2025-10-16T00_55_52_465Z-debug-0.log
11 silly logfile start cleaning logs, removing 1 files
12 silly packumentCache heap:1174405120 maxSize:293601280 maxEntrySize:146800640
13 silly logfile done cleaning log files
14 silly idealTree buildDeps
15 silly fetch manifest telegraf@4.12.2
16 silly packumentCache full:https://registry.npmjs.org/telegraf cache-miss
17 http cache https://registry.npmjs.org/telegraf 58ms (cache hit)
18 silly packumentCache full:https://registry.npmjs.org/telegraf set size:1005543 disposed:false
19 silly placeDep ROOT telegraf@4.12.2 OK for: crashbot@1.0.0 want: 4.12.2
20 silly fetch manifest abort-controller@^3.0.0
21 silly packumentCache full:https://registry.npmjs.org/abort-controller cache-miss
22 silly fetch manifest debug@^4.3.4
23 silly packumentCache full:https://registry.npmjs.org/debug cache-miss
24 silly fetch manifest mri@^1.2.0
25 silly packumentCache full:https://registry.npmjs.org/mri cache-miss
26 silly fetch manifest node-fetch@^2.6.8
27 silly packumentCache full:https://registry.npmjs.org/node-fetch cache-miss
28 silly fetch manifest p-timeout@^4.1.0
29 silly packumentCache full:https://registry.npmjs.org/p-timeout cache-miss
30 silly fetch manifest safe-compare@^1.1.4
31 silly packumentCache full:https://registry.npmjs.org/safe-compare cache-miss
32 silly fetch manifest sandwich-stream@^2.0.2
33 silly packumentCache full:https://registry.npmjs.org/sandwich-stream cache-miss
34 http fetch GET 200 https://registry.npmjs.org/debug 480ms (cache revalidated)
35 silly packumentCache full:https://registry.npmjs.org/debug set size:195840 disposed:false
36 silly fetch manifest typegram@^4.3.0
37 silly packumentCache full:https://registry.npmjs.org/typegram cache-miss
38 http fetch GET 200 https://registry.npmjs.org/node-fetch 493ms (cache revalidated)
39 silly packumentCache full:https://registry.npmjs.org/node-fetch set size:896010 disposed:false
40 http fetch GET 200 https://registry.npmjs.org/mri 528ms (cache revalidated)
41 silly packumentCache full:https://registry.npmjs.org/mri set size:28195 disposed:false
42 http fetch GET 200 https://registry.npmjs.org/p-timeout 530ms (cache revalidated)
43 silly packumentCache full:https://registry.npmjs.org/p-timeout set size:60739 disposed:false
44 http fetch GET 200 https://registry.npmjs.org/safe-compare 539ms (cache revalidated)
45 silly packumentCache full:https://registry.npmjs.org/safe-compare set size:22988 disposed:false
46 http fetch GET 200 https://registry.npmjs.org/abort-controller 555ms (cache revalidated)
47 silly packumentCache full:https://registry.npmjs.org/abort-controller set size:47272 disposed:false
48 http fetch GET 200 https://registry.npmjs.org/sandwich-stream 1083ms (cache revalidated)
49 silly packumentCache full:https://registry.npmjs.org/sandwich-stream set size:21546 disposed:false
50 http fetch GET 200 https://registry.npmjs.org/typegram 823ms (cache miss)
51 silly packumentCache full:https://registry.npmjs.org/typegram set size:undefined disposed:false
52 silly fetch manifest encoding@^0.1.0
53 silly packumentCache full:https://registry.npmjs.org/encoding cache-miss
54 http fetch GET 200 https://registry.npmjs.org/encoding 175ms (cache revalidated)
55 silly packumentCache full:https://registry.npmjs.org/encoding set size:17833 disposed:false
56 silly placeDep ROOT abort-controller@3.0.0 OK for: telegraf@4.12.2 want: ^3.0.0
57 silly placeDep ROOT debug@4.4.3 OK for: telegraf@4.12.2 want: ^4.3.4
58 silly placeDep ROOT mri@1.2.0 OK for: telegraf@4.12.2 want: ^1.2.0
59 silly placeDep ROOT node-fetch@2.7.0 OK for: telegraf@4.12.2 want: ^2.6.8
60 silly placeDep ROOT p-timeout@4.1.0 OK for: telegraf@4.12.2 want: ^4.1.0
61 silly placeDep ROOT safe-compare@1.1.4 OK for: telegraf@4.12.2 want: ^1.1.4
62 silly placeDep ROOT sandwich-stream@2.0.2 OK for: telegraf@4.12.2 want: ^2.0.2
63 silly placeDep ROOT typegram@4.3.0 OK for: telegraf@4.12.2 want: ^4.3.0
64 silly fetch manifest event-target-shim@^5.0.0
65 silly packumentCache full:https://registry.npmjs.org/event-target-shim cache-miss
66 silly fetch manifest ms@^2.1.3
67 silly packumentCache full:https://registry.npmjs.org/ms cache-miss
68 silly fetch manifest whatwg-url@^5.0.0
69 silly packumentCache full:https://registry.npmjs.org/whatwg-url cache-miss
70 silly fetch manifest buffer-alloc@^1.2.0
71 silly packumentCache full:https://registry.npmjs.org/buffer-alloc cache-miss
72 http fetch GET 200 https://registry.npmjs.org/ms 130ms (cache revalidated)
73 silly packumentCache full:https://registry.npmjs.org/ms set size:92208 disposed:false
74 http fetch GET 200 https://registry.npmjs.org/whatwg-url 151ms (cache revalidated)
75 silly packumentCache full:https://registry.npmjs.org/whatwg-url set size:165406 disposed:false
76 http fetch GET 200 https://registry.npmjs.org/buffer-alloc 198ms (cache revalidated)
77 silly packumentCache full:https://registry.npmjs.org/buffer-alloc set size:10317 disposed:false
78 http fetch GET 200 https://registry.npmjs.org/event-target-shim 208ms (cache revalidated)
79 silly packumentCache full:https://registry.npmjs.org/event-target-shim set size:103601 disposed:false
80 silly placeDep ROOT event-target-shim@5.0.1 OK for: abort-controller@3.0.0 want: ^5.0.0
81 silly placeDep ROOT ms@2.1.3 OK for: debug@4.4.3 want: ^2.1.3
82 silly placeDep ROOT whatwg-url@5.0.0 OK for: node-fetch@2.7.0 want: ^5.0.0
83 silly fetch manifest tr46@~0.0.3
84 silly packumentCache full:https://registry.npmjs.org/tr46 cache-miss
85 silly fetch manifest webidl-conversions@^3.0.0
86 silly packumentCache full:https://registry.npmjs.org/webidl-conversions cache-miss
87 http fetch GET 200 https://registry.npmjs.org/tr46 107ms (cache revalidated)
88 silly packumentCache full:https://registry.npmjs.org/tr46 set size:47377 disposed:false
89 http fetch GET 200 https://registry.npmjs.org/webidl-conversions 119ms (cache revalidated)
90 silly packumentCache full:https://registry.npmjs.org/webidl-conversions set size:43893 disposed:false
91 silly placeDep ROOT buffer-alloc@1.2.0 OK for: safe-compare@1.1.4 want: ^1.2.0
92 silly fetch manifest buffer-alloc-unsafe@^1.1.0
93 silly packumentCache full:https://registry.npmjs.org/buffer-alloc-unsafe cache-miss
94 silly fetch manifest buffer-fill@^1.0.0
95 silly packumentCache full:https://registry.npmjs.org/buffer-fill cache-miss
96 http fetch GET 200 https://registry.npmjs.org/buffer-alloc-unsafe 187ms (cache revalidated)
97 silly packumentCache full:https://registry.npmjs.org/buffer-alloc-unsafe set size:9005 disposed:false
98 http fetch GET 200 https://registry.npmjs.org/buffer-fill 197ms (cache revalidated)
99 silly packumentCache full:https://registry.npmjs.org/buffer-fill set size:7420 disposed:false
100 silly placeDep ROOT buffer-alloc-unsafe@1.1.0 OK for: buffer-alloc@1.2.0 want: ^1.1.0
101 silly placeDep ROOT buffer-fill@1.0.0 OK for: buffer-alloc@1.2.0 want: ^1.0.0
102 silly placeDep ROOT tr46@0.0.3 OK for: whatwg-url@5.0.0 want: ~0.0.3
103 silly placeDep ROOT webidl-conversions@3.0.1 OK for: whatwg-url@5.0.0 want: ^3.0.0
104 silly reify moves {}
105 silly audit bulk request {
105 silly audit   'graceful-fs': [ '4.2.11' ],
105 silly audit   'is-promise': [ '2.2.2' ],
105 silly audit   lodash: [ '4.17.21' ],
105 silly audit   lowdb: [ '1.0.0' ],
105 silly audit   pify: [ '3.0.0' ],
105 silly audit   steno: [ '0.4.4' ],
105 silly audit   telegraf: [ '4.12.2' ],
105 silly audit   'abort-controller': [ '3.0.0' ],
105 silly audit   debug: [ '4.4.3' ],
105 silly audit   mri: [ '1.2.0' ],
105 silly audit   'node-fetch': [ '2.7.0' ],
105 silly audit   'p-timeout': [ '4.1.0' ],
105 silly audit   'safe-compare': [ '1.1.4' ],
105 silly audit   'sandwich-stream': [ '2.0.2' ],
105 silly audit   typegram: [ '4.3.0' ],
105 silly audit   'event-target-shim': [ '5.0.1' ],
105 silly audit   ms: [ '2.1.3' ],
105 silly audit   'whatwg-url': [ '5.0.0' ],
105 silly audit   'buffer-alloc': [ '1.2.0' ],
105 silly audit   'buffer-alloc-unsafe': [ '1.1.0' ],
105 silly audit   'buffer-fill': [ '1.0.0' ],
105 silly audit   tr46: [ '0.0.3' ],
105 silly audit   'webidl-conversions': [ '3.0.1' ]
105 silly audit }
106 http cache webidl-conversions@https://registry.npmjs.org/webidl-conversions/-/webidl-conversions-3.0.1.tgz 0ms (cache hit)
107 http cache tr46@https://registry.npmjs.org/tr46/-/tr46-0.0.3.tgz 0ms (cache hit)
108 http cache buffer-fill@https://registry.npmjs.org/buffer-fill/-/buffer-fill-1.0.0.tgz 0ms (cache hit)
109 http cache whatwg-url@https://registry.npmjs.org/whatwg-url/-/whatwg-url-5.0.0.tgz 0ms (cache hit)
110 http cache buffer-alloc@https://registry.npmjs.org/buffer-alloc/-/buffer-alloc-1.2.0.tgz 0ms (cache hit)
111 http cache buffer-alloc-unsafe@https://registry.npmjs.org/buffer-alloc-unsafe/-/buffer-alloc-unsafe-1.1.0.tgz 1ms (cache hit)
112 http cache ms@https://registry.npmjs.org/ms/-/ms-2.1.3.tgz 0ms (cache hit)
113 http cache event-target-shim@https://registry.npmjs.org/event-target-shim/-/event-target-shim-5.0.1.tgz 0ms (cache hit)
114 http cache typegram@https://registry.npmjs.org/typegram/-/typegram-4.3.0.tgz 0ms (cache hit)
115 http cache sandwich-stream@https://registry.npmjs.org/sandwich-stream/-/sandwich-stream-2.0.2.tgz 0ms (cache hit)
116 http cache safe-compare@https://registry.npmjs.org/safe-compare/-/safe-compare-1.1.4.tgz 0ms (cache hit)
117 http cache p-timeout@https://registry.npmjs.org/p-timeout/-/p-timeout-4.1.0.tgz 0ms (cache hit)
118 http cache node-fetch@https://registry.npmjs.org/node-fetch/-/node-fetch-2.7.0.tgz 0ms (cache hit)
119 http cache mri@https://registry.npmjs.org/mri/-/mri-1.2.0.tgz 0ms (cache hit)
120 http cache debug@https://registry.npmjs.org/debug/-/debug-4.4.3.tgz 0ms (cache hit)
121 http cache abort-controller@https://registry.npmjs.org/abort-controller/-/abort-controller-3.0.0.tgz 0ms (cache hit)
122 http cache telegraf@https://registry.npmjs.org/telegraf/-/telegraf-4.12.2.tgz 0ms (cache hit)
123 silly tarball no local data for typegram@https://registry.npmjs.org/typegram/-/typegram-4.3.0.tgz. Extracting by manifest.
124 silly tarball no local data for telegraf@https://registry.npmjs.org/telegraf/-/telegraf-4.12.2.tgz. Extracting by manifest.
125 http fetch POST 200 https://registry.npmjs.org/-/npm/v1/security/advisories/bulk 450ms
126 silly audit report {}
127 http fetch GET 200 https://registry.npmjs.org/typegram/-/typegram-4.3.0.tgz 401ms (cache miss)
128 http fetch GET 200 https://registry.npmjs.org/telegraf/-/telegraf-4.12.2.tgz 497ms (cache miss)
129 silly ADD node_modules/webidl-conversions
130 silly ADD node_modules/tr46
131 silly ADD node_modules/buffer-fill
132 silly ADD node_modules/buffer-alloc-unsafe
133 silly ADD node_modules/buffer-alloc
134 silly ADD node_modules/whatwg-url
135 silly ADD node_modules/ms
136 silly ADD node_modules/event-target-shim
137 silly ADD node_modules/typegram
138 silly ADD node_modules/sandwich-stream
139 silly ADD node_modules/safe-compare
140 silly ADD node_modules/p-timeout
141 silly ADD node_modules/node-fetch
142 silly ADD node_modules/mri
143 silly ADD node_modules/debug
144 silly ADD node_modules/abort-controller
145 silly ADD node_modules/telegraf
146 verbose cwd /data/data/com.termux/files/home/crashbot
147 verbose os Linux 4.14.186-g398737f70064-dirty
148 verbose node v24.9.0
149 verbose npm  v11.6.0
150 verbose exit 0
151 info ok
